<?xml version="1.0" encoding="UTF-8"?>
<TestRun id="b3fc6380-8641-4d84-a1ec-2c7ac233cb57" name="prakashb@HCI-47 2012-02-29 13:44:35" runUser="HCITEC\prakashb" xmlns="http://microsoft.com/schemas/VisualStudio/TeamTest/2010">
  <TestSettings name="Default Test Settings" id="6fa301c1-9f8f-4352-b755-764de4131700">
    <Deployment runDeploymentRoot="prakashb_HCI-47 2012-02-29 13_44_35">
      <DeploymentItem filename="D:\Projects\Cedar\src\Cedar\bin\Debug\Cedar.dll" />
    </Deployment>
    <Execution>
      <TestTypeSpecific />
      <AgentRule name="Execution Agents">
      </AgentRule>
    </Execution>
  </TestSettings>
  <Times creation="2012-02-29T13:44:35.6857506+05:30" queuing="2012-02-29T13:44:36.3528840+05:30" start="2012-02-29T13:44:36.5619258+05:30" finish="2012-02-29T13:44:50.2896708+05:30" />
  <ResultSummary outcome="Error">
    <Counters total="11" executed="9" passed="2" error="0" failed="6" timeout="0" aborted="1" inconclusive="0" passedButRunAborted="0" notRunnable="0" notExecuted="2" disconnected="0" warning="0" completed="0" inProgress="0" pending="0" />
    <RunInfos>
      <RunInfo computerName="HCI-47" outcome="Error" timestamp="2012-02-29T13:44:50.2876704+05:30">
        <Text>Test host process exited unexpectedly.</Text>
      </RunInfo>
    </RunInfos>
  </ResultSummary>
  <TestDefinitions>
    <UnitTest name="Whether_Cedardb_SqlConnection_Opened" storage="d:\projects\cedar\src\cedartest\bin\debug\cedartest.dll" id="ddabe4b3-cdc3-0634-6c53-8f3da5a3745f">
      <Execution id="6d6d50d6-5ba0-4e8c-9e0c-4a824ee4f7d9" />
      <TestMethod codeBase="D:/Projects/Cedar/src/CedarTest/bin/Debug/CedarTest.DLL" adapterTypeName="Microsoft.VisualStudio.TestTools.TestTypes.Unit.UnitTestAdapter, Microsoft.VisualStudio.QualityTools.Tips.UnitTest.Adapter, Version=10.0.0.0, Culture=neutral, PublicKeyToken=b03f5f7f11d50a3a" className="CedarTest.CedarSessionTest, CedarTest, Version=1.0.0.0, Culture=neutral, PublicKeyToken=null" name="Whether_Cedardb_SqlConnection_Opened" />
    </UnitTest>
    <UnitTest name="Test_Whether_ShardStrategy_Is_Null" storage="d:\projects\cedar\src\cedartest\bin\debug\cedartest.dll" id="09813dfe-1721-80f8-f79e-b4295ca32c7e">
      <Execution id="714d03d0-632b-4008-8762-71ceeb17a41f" />
      <TestMethod codeBase="D:/Projects/Cedar/src/CedarTest/bin/Debug/CedarTest.DLL" adapterTypeName="Microsoft.VisualStudio.TestTools.TestTypes.Unit.UnitTestAdapter, Microsoft.VisualStudio.QualityTools.Tips.UnitTest.Adapter, Version=10.0.0.0, Culture=neutral, PublicKeyToken=b03f5f7f11d50a3a" className="CedarTest.AppContextTest, CedarTest, Version=1.0.0.0, Culture=neutral, PublicKeyToken=null" name="Test_Whether_ShardStrategy_Is_Null" />
    </UnitTest>
    <UnitTest name="Test_Whether_AppStore_Returns_Context" storage="d:\projects\cedar\src\cedartest\bin\debug\cedartest.dll" id="47501604-51ce-1cdb-f192-bc193a824750">
      <Execution id="8d626ff3-96f9-4bfd-98ee-7687164bd620" />
      <TestMethod codeBase="D:/Projects/Cedar/src/CedarTest/bin/Debug/CedarTest.DLL" adapterTypeName="Microsoft.VisualStudio.TestTools.TestTypes.Unit.UnitTestAdapter, Microsoft.VisualStudio.QualityTools.Tips.UnitTest.Adapter, Version=10.0.0.0, Culture=neutral, PublicKeyToken=b03f5f7f11d50a3a" className="CedarTest.CedarAppStoreTests, CedarTest, Version=1.0.0.0, Culture=neutral, PublicKeyToken=null" name="Test_Whether_AppStore_Returns_Context" />
    </UnitTest>
    <UnitTest name="Test_add_ShardStrategy" storage="d:\projects\cedar\src\cedartest\bin\debug\cedartest.dll" id="a458dc72-e41b-b031-056a-361f680c2f91">
      <Execution id="3c18e365-bb80-4738-9ed5-e00c6305638f" />
      <TestMethod codeBase="D:/Projects/Cedar/src/CedarTest/bin/Debug/CedarTest.DLL" adapterTypeName="Microsoft.VisualStudio.TestTools.TestTypes.Unit.UnitTestAdapter, Microsoft.VisualStudio.QualityTools.Tips.UnitTest.Adapter, Version=10.0.0.0, Culture=neutral, PublicKeyToken=b03f5f7f11d50a3a" className="CedarTest.AppContextTests, CedarTest, Version=1.0.0.0, Culture=neutral, PublicKeyToken=null" name="Test_add_ShardStrategy" />
    </UnitTest>
    <UnitTest name="Test_Whether_AppContext_Returns_Valid_Session" storage="d:\projects\cedar\src\cedartest\bin\debug\cedartest.dll" id="2eaeca69-7a54-ce56-0182-8a6f1e4756d1">
      <Execution id="58fce186-cb4b-4ddb-af57-232758b12c4b" />
      <TestMethod codeBase="D:/Projects/Cedar/src/CedarTest/bin/Debug/CedarTest.DLL" adapterTypeName="Microsoft.VisualStudio.TestTools.TestTypes.Unit.UnitTestAdapter, Microsoft.VisualStudio.QualityTools.Tips.UnitTest.Adapter, Version=10.0.0.0, Culture=neutral, PublicKeyToken=b03f5f7f11d50a3a" className="CedarTest.AppContextTests, CedarTest, Version=1.0.0.0, Culture=neutral, PublicKeyToken=null" name="Test_Whether_AppContext_Returns_Valid_Session" />
    </UnitTest>
    <UnitTest name="Test_Update_ShardStrategy" storage="d:\projects\cedar\src\cedartest\bin\debug\cedartest.dll" id="99d84a76-5ca1-2f45-b461-608af5b055ec">
      <Execution id="d60749d7-f761-419d-b0d8-cdb4d78758d8" />
      <TestMethod codeBase="D:/Projects/Cedar/src/CedarTest/bin/Debug/CedarTest.DLL" adapterTypeName="Microsoft.VisualStudio.TestTools.TestTypes.Unit.UnitTestAdapter, Microsoft.VisualStudio.QualityTools.Tips.UnitTest.Adapter, Version=10.0.0.0, Culture=neutral, PublicKeyToken=b03f5f7f11d50a3a" className="CedarTest.AppContextTests, CedarTest, Version=1.0.0.0, Culture=neutral, PublicKeyToken=null" name="Test_Update_ShardStrategy" />
    </UnitTest>
    <UnitTest name="Test_SetupSchema" storage="d:\projects\cedar\src\cedartest\bin\debug\cedartest.dll" id="aa83e081-c061-041b-ae8e-503eb0f55f5c">
      <Execution id="d270f7bd-7b43-4191-ad9d-73d07409dfe8" />
      <TestMethod codeBase="D:/Projects/Cedar/src/CedarTest/bin/Debug/CedarTest.DLL" adapterTypeName="Microsoft.VisualStudio.TestTools.TestTypes.Unit.UnitTestAdapter, Microsoft.VisualStudio.QualityTools.Tips.UnitTest.Adapter, Version=10.0.0.0, Culture=neutral, PublicKeyToken=b03f5f7f11d50a3a" className="CedarTest.AppContextTests, CedarTest, Version=1.0.0.0, Culture=neutral, PublicKeyToken=null" name="Test_SetupSchema" />
    </UnitTest>
    <UnitTest name="Whether_Ceder_Update_Query_Work" storage="d:\projects\cedar\src\cedartest\bin\debug\cedartest.dll" id="9eaf3363-1ae5-80ee-5672-4f35a02d0281">
      <Execution id="4c3630a4-2a94-4022-966d-74f49d2d35b3" />
      <TestMethod codeBase="D:/Projects/Cedar/src/CedarTest/bin/Debug/CedarTest.DLL" adapterTypeName="Microsoft.VisualStudio.TestTools.TestTypes.Unit.UnitTestAdapter, Microsoft.VisualStudio.QualityTools.Tips.UnitTest.Adapter, Version=10.0.0.0, Culture=neutral, PublicKeyToken=b03f5f7f11d50a3a" className="CedarTest.CedarSessionTest, CedarTest, Version=1.0.0.0, Culture=neutral, PublicKeyToken=null" name="Whether_Ceder_Update_Query_Work" />
    </UnitTest>
    <UnitTest name="Whether_Ceder_Select_Query_Work" storage="d:\projects\cedar\src\cedartest\bin\debug\cedartest.dll" id="8bb6429c-01e0-c5ee-1965-374e189321d4">
      <Execution id="05487f04-f436-4328-815a-8cd641c0f074" />
      <TestMethod codeBase="D:/Projects/Cedar/src/CedarTest/bin/Debug/CedarTest.DLL" adapterTypeName="Microsoft.VisualStudio.TestTools.TestTypes.Unit.UnitTestAdapter, Microsoft.VisualStudio.QualityTools.Tips.UnitTest.Adapter, Version=10.0.0.0, Culture=neutral, PublicKeyToken=b03f5f7f11d50a3a" className="CedarTest.CedarSessionTest, CedarTest, Version=1.0.0.0, Culture=neutral, PublicKeyToken=null" name="Whether_Ceder_Select_Query_Work" />
    </UnitTest>
    <UnitTest name="Whether_Cedardb_Execute_Query" storage="d:\projects\cedar\src\cedartest\bin\debug\cedartest.dll" id="0bd56e88-71a8-f950-1b66-73d0d3f5b918">
      <Execution id="54da280e-251f-41f6-b8f9-4d6d0314900d" />
      <TestMethod codeBase="D:/Projects/Cedar/src/CedarTest/bin/Debug/CedarTest.DLL" adapterTypeName="Microsoft.VisualStudio.TestTools.TestTypes.Unit.UnitTestAdapter, Microsoft.VisualStudio.QualityTools.Tips.UnitTest.Adapter, Version=10.0.0.0, Culture=neutral, PublicKeyToken=b03f5f7f11d50a3a" className="CedarTest.CedarSessionTest, CedarTest, Version=1.0.0.0, Culture=neutral, PublicKeyToken=null" name="Whether_Cedardb_Execute_Query" />
    </UnitTest>
    <UnitTest name="GetShardById_Test" storage="d:\projects\cedar\src\cedartest\bin\debug\cedartest.dll" id="7467566e-9fae-6b37-2b29-539e6b560888">
      <Execution id="f8ef2e6a-0918-4551-b374-d6a00c77b3ff" />
      <TestMethod codeBase="D:/Projects/Cedar/src/CedarTest/bin/Debug/CedarTest.DLL" adapterTypeName="Microsoft.VisualStudio.TestTools.TestTypes.Unit.UnitTestAdapter, Microsoft.VisualStudio.QualityTools.Tips.UnitTest.Adapter, Version=10.0.0.0, Culture=neutral, PublicKeyToken=b03f5f7f11d50a3a" className="CedarTest.AppContextTests, CedarTest, Version=1.0.0.0, Culture=neutral, PublicKeyToken=null" name="GetShardById_Test" />
    </UnitTest>
  </TestDefinitions>
  <TestLists>
    <TestList name="Results Not in a List" id="8c84fa94-04c1-424b-9868-57a2d4851a1d" />
    <TestList name="All Loaded Results" id="19431567-8539-422a-85d7-44ee4e166bda" />
  </TestLists>
  <TestEntries>
    <TestEntry testId="47501604-51ce-1cdb-f192-bc193a824750" executionId="8d626ff3-96f9-4bfd-98ee-7687164bd620" testListId="8c84fa94-04c1-424b-9868-57a2d4851a1d" />
    <TestEntry testId="2eaeca69-7a54-ce56-0182-8a6f1e4756d1" executionId="58fce186-cb4b-4ddb-af57-232758b12c4b" testListId="8c84fa94-04c1-424b-9868-57a2d4851a1d" />
    <TestEntry testId="aa83e081-c061-041b-ae8e-503eb0f55f5c" executionId="d270f7bd-7b43-4191-ad9d-73d07409dfe8" testListId="8c84fa94-04c1-424b-9868-57a2d4851a1d" />
    <TestEntry testId="a458dc72-e41b-b031-056a-361f680c2f91" executionId="3c18e365-bb80-4738-9ed5-e00c6305638f" testListId="8c84fa94-04c1-424b-9868-57a2d4851a1d" />
    <TestEntry testId="99d84a76-5ca1-2f45-b461-608af5b055ec" executionId="d60749d7-f761-419d-b0d8-cdb4d78758d8" testListId="8c84fa94-04c1-424b-9868-57a2d4851a1d" />
    <TestEntry testId="7467566e-9fae-6b37-2b29-539e6b560888" executionId="f8ef2e6a-0918-4551-b374-d6a00c77b3ff" testListId="8c84fa94-04c1-424b-9868-57a2d4851a1d" />
    <TestEntry testId="ddabe4b3-cdc3-0634-6c53-8f3da5a3745f" executionId="6d6d50d6-5ba0-4e8c-9e0c-4a824ee4f7d9" testListId="8c84fa94-04c1-424b-9868-57a2d4851a1d" />
    <TestEntry testId="0bd56e88-71a8-f950-1b66-73d0d3f5b918" executionId="54da280e-251f-41f6-b8f9-4d6d0314900d" testListId="8c84fa94-04c1-424b-9868-57a2d4851a1d" />
    <TestEntry testId="8bb6429c-01e0-c5ee-1965-374e189321d4" executionId="05487f04-f436-4328-815a-8cd641c0f074" testListId="8c84fa94-04c1-424b-9868-57a2d4851a1d" />
    <TestEntry testId="9eaf3363-1ae5-80ee-5672-4f35a02d0281" executionId="4c3630a4-2a94-4022-966d-74f49d2d35b3" testListId="8c84fa94-04c1-424b-9868-57a2d4851a1d" />
    <TestEntry testId="09813dfe-1721-80f8-f79e-b4295ca32c7e" executionId="714d03d0-632b-4008-8762-71ceeb17a41f" testListId="8c84fa94-04c1-424b-9868-57a2d4851a1d" />
  </TestEntries>
  <Results>
    <UnitTestResult executionId="8d626ff3-96f9-4bfd-98ee-7687164bd620" testId="47501604-51ce-1cdb-f192-bc193a824750" testName="Test_Whether_AppStore_Returns_Context" computerName="HCI-47" duration="00:00:00.0169679" startTime="2012-02-29T13:44:36.6789492+05:30" endTime="2012-02-29T13:44:37.1490432+05:30" testType="13cdc9d9-ddb5-4fa4-a97d-d965ccfc6d4b" outcome="Passed" testListId="8c84fa94-04c1-424b-9868-57a2d4851a1d" relativeResultsDirectory="8d626ff3-96f9-4bfd-98ee-7687164bd620">
    </UnitTestResult>
    <UnitTestResult executionId="58fce186-cb4b-4ddb-af57-232758b12c4b" testId="2eaeca69-7a54-ce56-0182-8a6f1e4756d1" testName="Test_Whether_AppContext_Returns_Valid_Session" computerName="HCI-47" duration="00:00:07.5072686" startTime="2012-02-29T13:44:37.1600454+05:30" endTime="2012-02-29T13:44:44.6765484+05:30" testType="13cdc9d9-ddb5-4fa4-a97d-d965ccfc6d4b" outcome="Failed" testListId="8c84fa94-04c1-424b-9868-57a2d4851a1d" relativeResultsDirectory="58fce186-cb4b-4ddb-af57-232758b12c4b">
      <Output>
        <ErrorInfo>
          <Message>Test method CedarTest.AppContextTests.Test_Whether_AppContext_Returns_Valid_Session threw exception: 
System.Data.OleDb.OleDbException: The path is not valid. Check the directory for the database. [,,,Path,,]</Message>
          <StackTrace>    at System.Data.OleDb.OleDbConnectionInternal..ctor(OleDbConnectionString constr, OleDbConnection connection)
   at System.Data.OleDb.OleDbConnectionFactory.CreateConnection(DbConnectionOptions options, Object poolGroupProviderInfo, DbConnectionPool pool, DbConnection owningObject)
   at System.Data.ProviderBase.DbConnectionFactory.CreateNonPooledConnection(DbConnection owningConnection, DbConnectionPoolGroup poolGroup)
   at System.Data.ProviderBase.DbConnectionFactory.GetConnection(DbConnection owningConnection)
   at System.Data.ProviderBase.DbConnectionClosed.OpenConnection(DbConnection outerConnection, DbConnectionFactory connectionFactory)
   at System.Data.OleDb.OleDbConnection.Open()
   at Cedar.BaseRepository.GetConnection() in D:\Projects\Cedar\src\Cedar\Sentinel\DataRepository\BaseRepository.cs:line 29
   at Cedar.ShardRepository.GetShardById(Int64 shardId) in D:\Projects\Cedar\src\Cedar\Sentinel\DataRepository\ShardRepository.cs:line 47
   at Cedar.SqlDataReader.GetShardById(Int64 shardId) in D:\Projects\Cedar\src\Cedar\Sentinel\SqlDataReader.cs:line 20
   at Cedar.CedarSession.SetConnectionString() in D:\Projects\Cedar\src\Cedar\CedarSession.cs:line 48
   at Cedar.CedarSession..ctor(Int64 uuid) in D:\Projects\Cedar\src\Cedar\CedarSession.cs:line 30
   at Cedar.AppContext.GetSession(Int64 uuid) in D:\Projects\Cedar\src\Cedar\AppContext.cs:line 66
   at CedarTest.AppContextTests.Test_Whether_AppContext_Returns_Valid_Session() in D:\Projects\Cedar\src\CedarTest\AppContextTests.cs:line 15
</StackTrace>
        </ErrorInfo>
      </Output>
    </UnitTestResult>
    <UnitTestResult executionId="d270f7bd-7b43-4191-ad9d-73d07409dfe8" testId="aa83e081-c061-041b-ae8e-503eb0f55f5c" testName="Test_SetupSchema" computerName="HCI-47" duration="00:00:01.2305812" startTime="2012-02-29T13:44:44.6845500+05:30" endTime="2012-02-29T13:44:45.9247980+05:30" testType="13cdc9d9-ddb5-4fa4-a97d-d965ccfc6d4b" outcome="Failed" testListId="8c84fa94-04c1-424b-9868-57a2d4851a1d" relativeResultsDirectory="d270f7bd-7b43-4191-ad9d-73d07409dfe8">
      <Output>
        <ErrorInfo>
          <Message>Test method CedarTest.AppContextTests.Test_SetupSchema threw exception: 
System.Data.OleDb.OleDbException: The path is not valid. Check the directory for the database. [,,,Path,,]</Message>
          <StackTrace>    at System.Data.OleDb.OleDbConnectionInternal..ctor(OleDbConnectionString constr, OleDbConnection connection)
   at System.Data.OleDb.OleDbConnectionFactory.CreateConnection(DbConnectionOptions options, Object poolGroupProviderInfo, DbConnectionPool pool, DbConnection owningObject)
   at System.Data.ProviderBase.DbConnectionFactory.CreateNonPooledConnection(DbConnection owningConnection, DbConnectionPoolGroup poolGroup)
   at System.Data.ProviderBase.DbConnectionFactory.GetConnection(DbConnection owningConnection)
   at System.Data.ProviderBase.DbConnectionClosed.OpenConnection(DbConnection outerConnection, DbConnectionFactory connectionFactory)
   at System.Data.OleDb.OleDbConnection.Open()
   at Cedar.BaseRepository.GetConnection() in D:\Projects\Cedar\src\Cedar\Sentinel\DataRepository\BaseRepository.cs:line 29
   at Cedar.ShardRepository.GetAllShard() in D:\Projects\Cedar\src\Cedar\Sentinel\DataRepository\ShardRepository.cs:line 36
   at Cedar.SqlDataReader.GetAllShardByAppname(String appName) in D:\Projects\Cedar\src\Cedar\Sentinel\SqlDataReader.cs:line 13
   at Cedar.AppContext.SetupSchema() in D:\Projects\Cedar\src\Cedar\AppContext.cs:line 43
   at CedarTest.AppContextTests.Test_SetupSchema() in D:\Projects\Cedar\src\CedarTest\AppContextTests.cs:line 27
</StackTrace>
        </ErrorInfo>
      </Output>
    </UnitTestResult>
    <UnitTestResult executionId="3c18e365-bb80-4738-9ed5-e00c6305638f" testId="a458dc72-e41b-b031-056a-361f680c2f91" testName="Test_add_ShardStrategy" computerName="HCI-47" duration="00:00:00.0240938" startTime="2012-02-29T13:44:45.9408012+05:30" endTime="2012-02-29T13:44:45.9728076+05:30" testType="13cdc9d9-ddb5-4fa4-a97d-d965ccfc6d4b" outcome="Passed" testListId="8c84fa94-04c1-424b-9868-57a2d4851a1d" relativeResultsDirectory="3c18e365-bb80-4738-9ed5-e00c6305638f">
    </UnitTestResult>
    <UnitTestResult executionId="d60749d7-f761-419d-b0d8-cdb4d78758d8" testId="99d84a76-5ca1-2f45-b461-608af5b055ec" testName="Test_Update_ShardStrategy" computerName="HCI-47" duration="00:00:00.5942879" startTime="2012-02-29T13:44:45.9798090+05:30" endTime="2012-02-29T13:44:46.5829296+05:30" testType="13cdc9d9-ddb5-4fa4-a97d-d965ccfc6d4b" outcome="Failed" testListId="8c84fa94-04c1-424b-9868-57a2d4851a1d" relativeResultsDirectory="d60749d7-f761-419d-b0d8-cdb4d78758d8">
      <Output>
        <ErrorInfo>
          <Message>Test method CedarTest.AppContextTests.Test_Update_ShardStrategy threw exception: 
System.Data.OleDb.OleDbException: The path is not valid. Check the directory for the database. [,,,Path,,]</Message>
          <StackTrace>    at System.Data.OleDb.OleDbConnectionInternal..ctor(OleDbConnectionString constr, OleDbConnection connection)
   at System.Data.OleDb.OleDbConnectionFactory.CreateConnection(DbConnectionOptions options, Object poolGroupProviderInfo, DbConnectionPool pool, DbConnection owningObject)
   at System.Data.ProviderBase.DbConnectionFactory.CreateNonPooledConnection(DbConnection owningConnection, DbConnectionPoolGroup poolGroup)
   at System.Data.ProviderBase.DbConnectionFactory.GetConnection(DbConnection owningConnection)
   at System.Data.ProviderBase.DbConnectionClosed.OpenConnection(DbConnection outerConnection, DbConnectionFactory connectionFactory)
   at System.Data.OleDb.OleDbConnection.Open()
   at Cedar.BaseRepository.GetConnection() in D:\Projects\Cedar\src\Cedar\Sentinel\DataRepository\BaseRepository.cs:line 29
   at Cedar.ShardStrategyRepository.UpdateShardStrategy(Int64 shardId) in D:\Projects\Cedar\src\Cedar\Sentinel\DataRepository\ShardStrategyRepository.cs:line 33
   at CedarTest.AppContextTests.Test_Update_ShardStrategy() in D:\Projects\Cedar\src\CedarTest\AppContextTests.cs:line 51
</StackTrace>
        </ErrorInfo>
      </Output>
    </UnitTestResult>
    <UnitTestResult executionId="f8ef2e6a-0918-4551-b374-d6a00c77b3ff" testId="7467566e-9fae-6b37-2b29-539e6b560888" testName="GetShardById_Test" computerName="HCI-47" duration="00:00:00.5650308" startTime="2012-02-29T13:44:46.5979326+05:30" endTime="2012-02-29T13:44:47.1710472+05:30" testType="13cdc9d9-ddb5-4fa4-a97d-d965ccfc6d4b" outcome="Failed" testListId="8c84fa94-04c1-424b-9868-57a2d4851a1d" relativeResultsDirectory="f8ef2e6a-0918-4551-b374-d6a00c77b3ff">
      <Output>
        <ErrorInfo>
          <Message>Test method CedarTest.AppContextTests.GetShardById_Test threw exception: 
System.Data.OleDb.OleDbException: The path is not valid. Check the directory for the database. [,,,Path,,]</Message>
          <StackTrace>    at System.Data.OleDb.OleDbConnectionInternal..ctor(OleDbConnectionString constr, OleDbConnection connection)
   at System.Data.OleDb.OleDbConnectionFactory.CreateConnection(DbConnectionOptions options, Object poolGroupProviderInfo, DbConnectionPool pool, DbConnection owningObject)
   at System.Data.ProviderBase.DbConnectionFactory.CreateNonPooledConnection(DbConnection owningConnection, DbConnectionPoolGroup poolGroup)
   at System.Data.ProviderBase.DbConnectionFactory.GetConnection(DbConnection owningConnection)
   at System.Data.ProviderBase.DbConnectionClosed.OpenConnection(DbConnection outerConnection, DbConnectionFactory connectionFactory)
   at System.Data.OleDb.OleDbConnection.Open()
   at Cedar.BaseRepository.GetConnection() in D:\Projects\Cedar\src\Cedar\Sentinel\DataRepository\BaseRepository.cs:line 29
   at Cedar.ShardStrategyRepository.GetShardStrategyById(Int64 shardId) in D:\Projects\Cedar\src\Cedar\Sentinel\DataRepository\ShardStrategyRepository.cs:line 16
   at CedarTest.AppContextTests.GetShardById_Test() in D:\Projects\Cedar\src\CedarTest\AppContextTests.cs:line 60
</StackTrace>
        </ErrorInfo>
      </Output>
    </UnitTestResult>
    <UnitTestResult executionId="6d6d50d6-5ba0-4e8c-9e0c-4a824ee4f7d9" testId="ddabe4b3-cdc3-0634-6c53-8f3da5a3745f" testName="Whether_Cedardb_SqlConnection_Opened" computerName="HCI-47" duration="00:00:00.5846569" startTime="2012-02-29T13:44:47.1820494+05:30" endTime="2012-02-29T13:44:47.7751680+05:30" testType="13cdc9d9-ddb5-4fa4-a97d-d965ccfc6d4b" outcome="Failed" testListId="8c84fa94-04c1-424b-9868-57a2d4851a1d" relativeResultsDirectory="6d6d50d6-5ba0-4e8c-9e0c-4a824ee4f7d9">
      <Output>
        <ErrorInfo>
          <Message>Test method CedarTest.CedarSessionTest.Whether_Cedardb_SqlConnection_Opened threw exception: 
System.Data.OleDb.OleDbException: The path is not valid. Check the directory for the database. [,,,Path,,]</Message>
          <StackTrace>    at System.Data.OleDb.OleDbConnectionInternal..ctor(OleDbConnectionString constr, OleDbConnection connection)
   at System.Data.OleDb.OleDbConnectionFactory.CreateConnection(DbConnectionOptions options, Object poolGroupProviderInfo, DbConnectionPool pool, DbConnection owningObject)
   at System.Data.ProviderBase.DbConnectionFactory.CreateNonPooledConnection(DbConnection owningConnection, DbConnectionPoolGroup poolGroup)
   at System.Data.ProviderBase.DbConnectionFactory.GetConnection(DbConnection owningConnection)
   at System.Data.ProviderBase.DbConnectionClosed.OpenConnection(DbConnection outerConnection, DbConnectionFactory connectionFactory)
   at System.Data.OleDb.OleDbConnection.Open()
   at Cedar.BaseRepository.GetConnection() in D:\Projects\Cedar\src\Cedar\Sentinel\DataRepository\BaseRepository.cs:line 29
   at Cedar.ShardRepository.GetShardById(Int64 shardId) in D:\Projects\Cedar\src\Cedar\Sentinel\DataRepository\ShardRepository.cs:line 47
   at Cedar.SqlDataReader.GetShardById(Int64 shardId) in D:\Projects\Cedar\src\Cedar\Sentinel\SqlDataReader.cs:line 20
   at Cedar.CedarSession.SetConnectionString() in D:\Projects\Cedar\src\Cedar\CedarSession.cs:line 48
   at Cedar.CedarSession..ctor(Int64 uuid) in D:\Projects\Cedar\src\Cedar\CedarSession.cs:line 30
   at CedarTest.CedarSessionTest.Whether_Cedardb_SqlConnection_Opened() in D:\Projects\Cedar\src\CedarTest\CedarSessionTest.cs:line 16
</StackTrace>
        </ErrorInfo>
      </Output>
    </UnitTestResult>
    <UnitTestResult executionId="54da280e-251f-41f6-b8f9-4d6d0314900d" testId="0bd56e88-71a8-f950-1b66-73d0d3f5b918" testName="Whether_Cedardb_Execute_Query" computerName="HCI-47" duration="00:00:00.9108081" startTime="2012-02-29T13:44:47.7911712+05:30" endTime="2012-02-29T13:44:48.7103550+05:30" testType="13cdc9d9-ddb5-4fa4-a97d-d965ccfc6d4b" outcome="Failed" testListId="8c84fa94-04c1-424b-9868-57a2d4851a1d" relativeResultsDirectory="54da280e-251f-41f6-b8f9-4d6d0314900d">
      <Output>
        <ErrorInfo>
          <Message>Test method CedarTest.CedarSessionTest.Whether_Cedardb_Execute_Query threw exception: 
System.Data.OleDb.OleDbException: The path is not valid. Check the directory for the database. [,,,Path,,]</Message>
          <StackTrace>    at System.Data.OleDb.OleDbConnectionInternal..ctor(OleDbConnectionString constr, OleDbConnection connection)
   at System.Data.OleDb.OleDbConnectionFactory.CreateConnection(DbConnectionOptions options, Object poolGroupProviderInfo, DbConnectionPool pool, DbConnection owningObject)
   at System.Data.ProviderBase.DbConnectionFactory.CreateNonPooledConnection(DbConnection owningConnection, DbConnectionPoolGroup poolGroup)
   at System.Data.ProviderBase.DbConnectionFactory.GetConnection(DbConnection owningConnection)
   at System.Data.ProviderBase.DbConnectionClosed.OpenConnection(DbConnection outerConnection, DbConnectionFactory connectionFactory)
   at System.Data.OleDb.OleDbConnection.Open()
   at Cedar.BaseRepository.GetConnection() in D:\Projects\Cedar\src\Cedar\Sentinel\DataRepository\BaseRepository.cs:line 29
   at Cedar.ShardRepository.GetShardById(Int64 shardId) in D:\Projects\Cedar\src\Cedar\Sentinel\DataRepository\ShardRepository.cs:line 47
   at Cedar.SqlDataReader.GetShardById(Int64 shardId) in D:\Projects\Cedar\src\Cedar\Sentinel\SqlDataReader.cs:line 20
   at Cedar.CedarSession.SetConnectionString() in D:\Projects\Cedar\src\Cedar\CedarSession.cs:line 48
   at Cedar.CedarSession..ctor(Int64 uuid) in D:\Projects\Cedar\src\Cedar\CedarSession.cs:line 30
   at CedarTest.CedarSessionTest.Whether_Cedardb_Execute_Query() in D:\Projects\Cedar\src\CedarTest\CedarSessionTest.cs:line 26
</StackTrace>
        </ErrorInfo>
      </Output>
    </UnitTestResult>
    <UnitTestResult executionId="05487f04-f436-4328-815a-8cd641c0f074" testId="8bb6429c-01e0-c5ee-1965-374e189321d4" testName="Whether_Ceder_Select_Query_Work" computerName="HCI-47" duration="00:00:01.5693138" startTime="2012-02-29T13:44:48.7203570+05:30" endTime="2012-02-29T13:44:50.2896708+05:30" testType="13cdc9d9-ddb5-4fa4-a97d-d965ccfc6d4b" outcome="Aborted" testListId="8c84fa94-04c1-424b-9868-57a2d4851a1d" relativeResultsDirectory="05487f04-f436-4328-815a-8cd641c0f074">
    </UnitTestResult>
    <UnitTestResult executionId="4c3630a4-2a94-4022-966d-74f49d2d35b3" testId="9eaf3363-1ae5-80ee-5672-4f35a02d0281" testName="Whether_Ceder_Update_Query_Work" computerName="HCI-47" testType="13cdc9d9-ddb5-4fa4-a97d-d965ccfc6d4b" outcome="NotExecuted" testListId="8c84fa94-04c1-424b-9868-57a2d4851a1d" relativeResultsDirectory="4c3630a4-2a94-4022-966d-74f49d2d35b3">
    </UnitTestResult>
    <UnitTestResult executionId="714d03d0-632b-4008-8762-71ceeb17a41f" testId="09813dfe-1721-80f8-f79e-b4295ca32c7e" testName="Test_Whether_ShardStrategy_Is_Null" computerName="HCI-47" testType="13cdc9d9-ddb5-4fa4-a97d-d965ccfc6d4b" outcome="NotExecuted" testListId="8c84fa94-04c1-424b-9868-57a2d4851a1d" relativeResultsDirectory="714d03d0-632b-4008-8762-71ceeb17a41f">
    </UnitTestResult>
  </Results>
</TestRun>